{
  "filters_used": [
    {
      "path": "detect_secrets.filters.allowlist.is_line_allowlisted"
    },
    {
      "min_level": 2,
      "path": "detect_secrets.filters.common.is_ignored_due_to_verification_policies"
    },
    {
      "path": "detect_secrets.filters.heuristic.is_indirect_reference"
    },
    {
      "path": "detect_secrets.filters.heuristic.is_likely_id_string"
    },
    {
      "path": "detect_secrets.filters.heuristic.is_lock_file"
    },
    {
      "path": "detect_secrets.filters.heuristic.is_not_alphanumeric_string"
    },
    {
      "path": "detect_secrets.filters.heuristic.is_potential_uuid"
    },
    {
      "path": "detect_secrets.filters.heuristic.is_prefixed_with_dollar_sign"
    },
    {
      "path": "detect_secrets.filters.heuristic.is_sequential_string"
    },
    {
      "path": "detect_secrets.filters.heuristic.is_swagger_file"
    },
    {
      "path": "detect_secrets.filters.heuristic.is_templated_secret"
    },
    {
      "path": "detect_secrets.filters.regex.should_exclude_file",
      "pattern": [
        "pnpm-lock\\.yaml"
      ]
    }
  ],
  "generated_at": "2026-07-30T12:53:14Z",
  "plugins_used": [
    {
      "name": "ArtifactoryDetector"
    },
    {
      "name": "AWSKeyDetector"
    },
    {
      "name": "AzureStorageKeyDetector"
    },
    {
      "limit": 4.5,
      "name": "Base64HighEntropyString"
    },
    {
      "name": "BasicAuthDetector"
    },
    {
      "name": "CloudantDetector"
    },
    {
      "name": "DiscordBotTokenDetector"
    },
    {
      "name": "GitHubTokenDetector"
    },
    {
      "name": "GitLabTokenDetector"
    },
    {
      "limit": 3.0,
      "name": "HexHighEntropyString"
    },
    {
      "name": "IbmCloudIamDetector"
    },
    {
      "name": "IbmCosHmacDetector"
    },
    {
      "name": "IPPublicDetector"
    },
    {
      "name": "JwtTokenDetector"
    },
    {
      "keyword_exclude": "",
      "name": "KeywordDetector"
    },
    {
      "name": "MailchimpDetector"
    },
    {
      "name": "NpmDetector"
    },
    {
      "name": "OpenAIDetector"
    },
    {
      "name": "PrivateKeyDetector"
    },
    {
      "name": "PypiTokenDetector"
    },
    {
      "name": "SendGridDetector"
    },
    {
      "name": "SlackDetector"
    },
    {
      "name": "SoftlayerDetector"
    },
    {
      "name": "SquareOAuthDetector"
    },
    {
      "name": "StripeDetector"
    },
    {
      "name": "TelegramBotTokenDetector"
    },
    {
      "name": "TwilioKeyDetector"
    }
  ],
  "results": {
    ".github/workflows/main-build.yaml": [
      {
        "filename": ".github/workflows/main-build.yaml",
        "hashed_secret": "3e26d6750975d678acb8fa35a0f69237881576b0",
        "is_secret": false,
        "is_verified": false,
        "line_number": 40,
        "type": "Secret Keyword"
      }
    ],
    ".github/workflows/tag-release-build.yaml": [
      {
        "filename": ".github/workflows/tag-release-build.yaml",
        "hashed_secret": "3e26d6750975d678acb8fa35a0f69237881576b0",
        "is_secret": false,
        "is_verified": false,
        "line_number": 22,
        "type": "Secret Keyword"
      }
    ],
    ".github/workflows/website-checks.yaml": [
      {
        "filename": ".github/workflows/website-checks.yaml",
        "hashed_secret": "3e26d6750975d678acb8fa35a0f69237881576b0",
        "is_secret": false,
        "is_verified": false,
        "line_number": 38,
        "type": "Secret Keyword"
      }
    ],
    "zmuda-pro/blog/2025-03-29-synology-nas-setup/index.md": [
      {
        "filename": "zmuda-pro/blog/2025-03-29-synology-nas-setup/index.md",
        "hashed_secret": "dd606cd49bbbd06b4c2606fc2449f8fb87975786",
        "is_secret": false,
        "is_verified": false,
        "line_number": 130,
        "type": "Secret Keyword"
      }
    ]
  },
  "version": "1.5.0"
}
